student@MATC1234:~$ cd rails_projects\first_app
bash: cd: rails_projectsfirst_app: No such file or directory
student@MATC1234:~$ cd rails_projects/first_app
student@MATC1234:~/rails_projects/first_app$ heroku open
Opening polar-brushlands-5899... done
student@MATC1234:~/rails_projects/first_app$ cd../..
bash: cd../..: No such file or directory
student@MATC1234:~/rails_projects/first_app$ cd ../
student@MATC1234:~/rails_projects$ rails new demo_app
      create  
      create  README.rdoc
      create  Rakefile
      create  config.ru
      create  .gitignore
      create  Gemfile
      create  app
      create  app/assets/images/rails.png
      create  app/assets/javascripts/application.js
      create  app/assets/stylesheets/application.css
      create  app/controllers/application_controller.rb
      create  app/helpers/application_helper.rb
      create  app/views/layouts/application.html.erb
      create  app/mailers/.gitkeep
      create  app/models/.gitkeep
      create  config
      create  config/routes.rb
      create  config/application.rb
      create  config/environment.rb
      create  config/environments
      create  config/environments/development.rb
      create  config/environments/production.rb
      create  config/environments/test.rb
      create  config/initializers
      create  config/initializers/backtrace_silencers.rb
      create  config/initializers/inflections.rb
      create  config/initializers/mime_types.rb
      create  config/initializers/secret_token.rb
      create  config/initializers/session_store.rb
      create  config/initializers/wrap_parameters.rb
      create  config/locales
      create  config/locales/en.yml
      create  config/boot.rb
      create  config/database.yml
      create  db
      create  db/seeds.rb
      create  doc
      create  doc/README_FOR_APP
      create  lib
      create  lib/tasks
      create  lib/tasks/.gitkeep
      create  lib/assets
      create  lib/assets/.gitkeep
      create  log
      create  log/.gitkeep
      create  public
      create  public/404.html
      create  public/422.html
      create  public/500.html
      create  public/favicon.ico
      create  public/index.html
      create  public/robots.txt
      create  script
      create  script/rails
      create  test/fixtures
      create  test/fixtures/.gitkeep
      create  test/functional
      create  test/functional/.gitkeep
      create  test/integration
      create  test/integration/.gitkeep
      create  test/unit
      create  test/unit/.gitkeep
      create  test/performance/browsing_test.rb
      create  test/test_helper.rb
      create  tmp/cache
      create  tmp/cache/assets
      create  vendor/assets/javascripts
      create  vendor/assets/javascripts/.gitkeep
      create  vendor/assets/stylesheets
      create  vendor/assets/stylesheets/.gitkeep
      create  vendor/plugins
      create  vendor/plugins/.gitkeep
         run  bundle install
Fetching gem metadata from https://rubygems.org/...........
Fetching gem metadata from https://rubygems.org/..
Using rake (10.0.3) 
Using i18n (0.6.1) 
Using multi_json (1.5.0) 
Using activesupport (3.2.11) 
Using builder (3.0.4) 
Using activemodel (3.2.11) 
Using erubis (2.7.0) 
Using journey (1.0.4) 
Using rack (1.4.4) 
Using rack-cache (1.2) 
Using rack-test (0.6.2) 
Using hike (1.2.1) 
Using tilt (1.3.3) 
Using sprockets (2.2.2) 
Using actionpack (3.2.11) 
Using mime-types (1.19) 
Using polyglot (0.3.3) 
Using treetop (1.4.12) 
Using mail (2.4.4) 
Using actionmailer (3.2.11) 
Using arel (3.0.2) 
Using tzinfo (0.3.35) 
Using activerecord (3.2.11) 
Using activeresource (3.2.11) 
Using bundler (1.1.5) 
Using coffee-script-source (1.4.0) 
Using execjs (1.4.0) 
Using coffee-script (2.2.0) 
Using rack-ssl (1.3.2) 
Using json (1.7.6) 
Using rdoc (3.12) 
Installing thor (0.17.0) 
Using railties (3.2.11) 
Using coffee-rails (3.2.2) 
Installing jquery-rails (2.2.0) 
Using rails (3.2.11) 
Using sass (3.2.5) 
Using sass-rails (3.2.6) 
Using sqlite3 (1.3.7) 
Using uglifier (1.3.0) 
Your bundle is complete! Use `bundle show [gemname]` to see where a bundled gem is installed.
student@MATC1234:~/rails_projects$ cd demo_appcd demo_app
bash: cd: demo_appcd: No such file or directory
student@MATC1234:~/rails_projects$ cd demo_app
student@MATC1234:~/rails_projects/demo_app$ bundle install --without production
Fetching gem metadata from https://rubygems.org/...........
Fetching gem metadata from https://rubygems.org/..
Using rake (10.0.3) 
Using i18n (0.6.1) 
Using multi_json (1.5.0) 
Using activesupport (3.2.11) 
Using builder (3.0.4) 
Using activemodel (3.2.11) 
Using erubis (2.7.0) 
Using journey (1.0.4) 
Using rack (1.4.4) 
Using rack-cache (1.2) 
Using rack-test (0.6.2) 
Using hike (1.2.1) 
Using tilt (1.3.3) 
Using sprockets (2.2.2) 
Using actionpack (3.2.11) 
Using mime-types (1.19) 
Using polyglot (0.3.3) 
Using treetop (1.4.12) 
Using mail (2.4.4) 
Using actionmailer (3.2.11) 
Using arel (3.0.2) 
Using tzinfo (0.3.35) 
Using activerecord (3.2.11) 
Using activeresource (3.2.11) 
Using bundler (1.1.5) 
Using coffee-script-source (1.4.0) 
Using execjs (1.4.0) 
Using coffee-script (2.2.0) 
Using rack-ssl (1.3.2) 
Using json (1.7.6) 
Using rdoc (3.12) 
Using thor (0.17.0) 
Using railties (3.2.11) 
Using coffee-rails (3.2.2) 
Using jquery-rails (2.0.2) 
Using rails (3.2.11) 
Using sass (3.2.5) 
Using sass-rails (3.2.5) 
Using sqlite3 (1.3.5) 
Using uglifier (1.2.3) 
Your bundle is complete! Use `bundle show [gemname]` to see where a bundled gem is installed.
student@MATC1234:~/rails_projects/demo_app$ git init
Initialized empty Git repository in /home/student/rails_projects/demo_app/.git/
student@MATC1234:~/rails_projects/demo_app$ git add .
student@MATC1234:~/rails_projects/demo_app$ git commit -m "Initial commit"
[master (root-commit) 9bcb890] Initial commit
 38 files changed, 1230 insertions(+)
 create mode 100644 .gitignore
 create mode 100644 Gemfile
 create mode 100644 Gemfile.lock
 create mode 100644 Gemfile~
 create mode 100644 README.rdoc
 create mode 100644 Rakefile
 create mode 100644 app/assets/images/rails.png
 create mode 100644 app/assets/javascripts/application.js
 create mode 100644 app/assets/stylesheets/application.css
 create mode 100644 app/controllers/application_controller.rb
 create mode 100644 app/helpers/application_helper.rb
 create mode 100644 app/mailers/.gitkeep
 create mode 100644 app/models/.gitkeep
 create mode 100644 app/views/layouts/application.html.erb
 create mode 100644 config.ru
 create mode 100644 config/application.rb
 create mode 100644 config/boot.rb
 create mode 100644 config/database.yml
 create mode 100644 config/environment.rb
 create mode 100644 config/environments/development.rb
 create mode 100644 config/environments/production.rb
 create mode 100644 config/environments/test.rb
 create mode 100644 config/initializers/backtrace_silencers.rb
 create mode 100644 config/initializers/inflections.rb
 create mode 100644 config/initializers/mime_types.rb
 create mode 100644 config/initializers/secret_token.rb
 create mode 100644 config/initializers/session_store.rb
 create mode 100644 config/initializers/wrap_parameters.rb
 create mode 100644 config/locales/en.yml
 create mode 100644 config/routes.rb
 create mode 100644 db/seeds.rb
 create mode 100644 doc/README_FOR_APP
 create mode 100644 lib/assets/.gitkeep
 create mode 100644 lib/tasks/.gitkeep
 create mode 100644 log/.gitkeep
 create mode 100644 public/404.html
 create mode 100644 public/422.html
 create mode 100644 public/500.html
 create mode 100644 public/favicon.ico
 create mode 100644 public/index.html
 create mode 100644 public/robots.txt
 create mode 100755 script/rails
 create mode 100644 test/fixtures/.gitkeep
 create mode 100644 test/functional/.gitkeep
 create mode 100644 test/integration/.gitkeep
 create mode 100644 test/performance/browsing_test.rb
 create mode 100644 test/test_helper.rb
 create mode 100644 test/unit/.gitkeep
 create mode 100644 vendor/assets/javascripts/.gitkeep
 create mode 100644 vendor/assets/stylesheets/.gitkeep
 create mode 100644 vendor/plugins/.gitkeep
student@MATC1234:~/rails_projects/demo_app$ git remote add origin git@github.com:Rbopp/demo_app2.git
student@MATC1234:~/rails_projects/demo_app$ git push -u origin master
Counting objects: 64, done.
Compressing objects: 100% (50/50), done.
Writing objects: 100% (64/64), 26.24 KiB, done.
Total 64 (delta 2), reused 0 (delta 0)
To git@github.com:Rbopp/demo_app2.git
 * [new branch]      master -> master
Branch master set up to track remote branch master from origin.
student@MATC1234:~/rails_projects/demo_app$ rails generate scaffold User name:string email:string
      invoke  active_record
      create    db/migrate/20130128192812_create_users.rb
      create    app/models/user.rb
      invoke    test_unit
      create      test/unit/user_test.rb
      create      test/fixtures/users.yml
      invoke  resource_route
       route    resources :users
      invoke  scaffold_controller
      create    app/controllers/users_controller.rb
      invoke    erb
      create      app/views/users
      create      app/views/users/index.html.erb
      create      app/views/users/edit.html.erb
      create      app/views/users/show.html.erb
      create      app/views/users/new.html.erb
      create      app/views/users/_form.html.erb
      invoke    test_unit
      create      test/functional/users_controller_test.rb
      invoke    helper
      create      app/helpers/users_helper.rb
      invoke      test_unit
      create        test/unit/helpers/users_helper_test.rb
      invoke  assets
      invoke    coffee
      create      app/assets/javascripts/users.js.coffee
      invoke    scss
      create      app/assets/stylesheets/users.css.scss
      invoke  scss
      create    app/assets/stylesheets/scaffolds.css.scss
student@MATC1234:~/rails_projects/demo_app$ 

